{
    "entrez_data": {
        "content": [
            "microbiomes_entities.entrez.tsv:md5,77463a684452d34795b6eda52cfad072"
        ],
        "meta": {
            "nf-test": "0.9.2",
            "nextflow": "25.10.0"
        },
        "timestamp": "2025-11-11T16:09:28.050156946"
    },
    "db_tables": {
        "content": [
            "alleles.tsv:md5,314847ac5a69fe93ce75c6db0c2496d8",
            "conditions_alleles.tsv:md5,e865774e32935a69306461ff47428aa8",
            "conditions.tsv:md5,a6fe5daaf11a90b61c83c9934969c52c",
            "microbiomes_entities.tsv:md5,ffd0f2c14b4ce2d53b54c1d5604a0e06",
            "entities.tsv:md5,02424da04f3ca8ddd587f63d2202acf6",
            "microbiomes.tsv:md5,2130005595bdc7ffc770d8304fd9a936"
        ],
        "meta": {
            "nf-test": "0.9.2",
            "nextflow": "25.10.0"
        },
        "timestamp": "2025-11-12T11:46:58.081898696"
    },
    "logs": {
        "content": [
            "prediction_warnings.log:md5,d41d8cd98f00b204e9800998ecf8427e",
            "WARNING_unify_peptide_lengths.log:md5,c554eace446f21ad0c7990c92554edb0",
            "download_proteins.log:md5,2df710939b3d7a2bbcb3c962817b8538"
        ],
        "meta": {
            "nf-test": "0.9.2",
            "nextflow": "25.10.0"
        },
        "timestamp": "2025-11-11T16:09:28.064541625"
    }
}