{
    "entrez_data": {
        "content": [
            "microbiomes_entities.entrez.tsv:md5,d74ec125c02485cae58a08a334bf4844"
        ],
        "meta": {
            "nf-test": "0.9.2",
            "nextflow": "25.10.0"
        },
        "timestamp": "2025-11-11T17:16:29.414941464"
    },
    "db_tables": {
        "content": [
            "alleles.tsv:md5,aa70d022231c97269e6273b2f4ac46a6",
            "conditions_alleles.tsv:md5,9db7e0afc739b23c430877e336b0143f",
            "conditions.tsv:md5,a6fe5daaf11a90b61c83c9934969c52c",
            "microbiomes_entities.tsv:md5,7d69cf2156b2c25ac2ccb18a00f800f8",
            "entities.tsv:md5,c766a12bbb1d4ef4707be7077f774191",
            "microbiomes.tsv:md5,05bafa72c953e6cb0bd72c296d6fe707"
        ],
        "meta": {
            "nf-test": "0.9.2",
            "nextflow": "25.10.0"
        },
        "timestamp": "2025-12-01T14:41:46.108953158"
    },
    "logs": {
        "content": [
            "prediction_warnings.log:md5,d41d8cd98f00b204e9800998ecf8427e",
            "SUCCEEDED_unify_peptide_lengths.log:md5,c27fb56e478b975c57c910011935dd55"
        ],
        "meta": {
            "nf-test": "0.9.2",
            "nextflow": "25.10.0"
        },
        "timestamp": "2025-11-11T17:16:29.432063068"
    }
}