{
    "entrez_data": {
        "content": [
            "microbiomes_entities.entrez.tsv:md5,77463a684452d34795b6eda52cfad072"
        ],
        "meta": {
            "nf-test": "0.8.4",
            "nextflow": "24.04.2"
        },
        "timestamp": "2024-06-26T08:14:54+0000"
    },
    "db_tables": {
        "content": [
            "alleles.tsv:md5,77994270b1eab3e8363c90d8d09780fa",
            "conditions_alleles.tsv:md5,0e992c19471bb56c9b6e6a6f71302742",
            "conditions.tsv:md5,87707cd0dee14b0ca4face090ba9dce9",
            "entities_proteins.tsv:md5,45ca1562a5f8a229c1458eaf379229a9",
            "entities.tsv:md5,8ae4f7ebc592712f45dea1ceaf5a18c0",
            "microbiomes_entities.no_weights.tsv:md5,977da228f562b386b0f84fc718cc22e9",
            "microbiomes_entities.nucl.tsv:md5,aa0d4cc3546508c8e5b81bc9b4b16e39",
            "microbiomes_entities.tsv:md5,4bfaae801ade70ad1d48228eba43f70c",
            "microbiomes.tsv:md5,70871c8b3023f5a8412c05f4a69dda2f",
            "proteins_peptides.tsv:md5,1c0a8c8ea8fbd85d0576714b5220b411",
            "peptides.tsv.gz:md5,36aba6d50b1aad95859a547b06d04fc5",
            "proteins.tsv.gz:md5,b8c74032604f6ef5c3d73fdf8950aa6b",
            "predictions.tsv.gz:md5,96d585b8d153fa93681c80f1bf02290f",
            "stats.txt:md5,b04463d0268b44814c2a1170a28b1a86"
        ],
        "meta": {
            "nf-test": "0.8.4",
            "nextflow": "24.04.2"
        },
        "timestamp": "2024-07-12T09:08:17.947207805"
    },
    "logs": {
        "content": [
            "prediction_warnings.log:md5,d41d8cd98f00b204e9800998ecf8427e",
            "SUCCEEDED_unify_peptide_lengths.log:md5,c27fb56e478b975c57c910011935dd55"
        ],
        "meta": {
            "nf-test": "0.8.4",
            "nextflow": "24.04.2"
        },
        "timestamp": "2024-07-10T11:53:04.064515848"
    }
}