{
    "entrez_data": {
        "content": [
            "microbiomes_entities.entrez.tsv:md5,d74ec125c02485cae58a08a334bf4844"
        ],
        "meta": {
            "nf-test": "0.8.4",
            "nextflow": "24.04.2"
        },
        "timestamp": "2024-06-26T08:14:54+0000"
    },
    "db_tables": {
        "content": [
            "alleles.tsv:md5,77994270b1eab3e8363c90d8d09780fa",
            "conditions_alleles.tsv:md5,9db7e0afc739b23c430877e336b0143f",
            "conditions.tsv:md5,a6fe5daaf11a90b61c83c9934969c52c",
            "entities_proteins.tsv:md5,6749f8cce5753444cd5a286e83598832",
            "entities.tsv:md5,eeddcf7d9e38c5d1baafee7292b04136",
            "microbiomes_entities.no_weights.tsv:md5,72b3239f967ea4c72c78b7ea2e5d69c0",
            "microbiomes_entities.nucl.tsv:md5,84b6b907695caaddc959682504749832",
            "microbiomes_entities.tsv:md5,e5f3c2a1e82681466ef0d190ddf3c34e",
            "microbiomes.tsv:md5,02bf660f1c06ace8993249ef6b527385",
            "proteins_peptides.tsv:md5,d5c73ded66c72636375216d2c4f42ca3",
            "peptides.tsv.gz:md5,0e3c1e87feb2aac34de1ba3b246f27ca",
            "proteins.tsv.gz:md5,f7ec324180aeff9c1759953bc358a465",
            "predictions.tsv.gz:md5,c87925cd698c138ceec521e4f0e61350",
            "stats.txt:md5,1d0ea6d549e0fbce6ea75095db23ad0c"
        ],
        "meta": {
            "nf-test": "0.8.4",
            "nextflow": "24.04.2"
        },
        "timestamp": "2024-07-15T13:33:53.988750522"
    },
    "logs": {
        "content": [
            "prediction_warnings.log:md5,d41d8cd98f00b204e9800998ecf8427e",
            "SUCCEEDED_unify_peptide_lengths.log:md5,c27fb56e478b975c57c910011935dd55"
        ],
        "meta": {
            "nf-test": "0.8.4",
            "nextflow": "24.04.2"
        },
        "timestamp": "2024-07-10T12:07:04.049737935"
    }
}