{
    "entrez_data": {
        "content": [
            "microbiomes_entities.entrez.tsv:md5,77463a684452d34795b6eda52cfad072"
        ],
        "meta": {
            "nf-test": "0.8.4",
            "nextflow": "24.04.2"
        },
        "timestamp": "2024-06-26T08:14:54+0000"
    },
    "db_tables": {
        "content": [
            "alleles.tsv:md5,314847ac5a69fe93ce75c6db0c2496d8",
            "conditions_alleles.tsv:md5,e865774e32935a69306461ff47428aa8",
            "conditions.tsv:md5,a6fe5daaf11a90b61c83c9934969c52c",
            "entities_proteins.tsv:md5,3eef5b90cf3010fa23b7077ba6ef371f",
            "entities.tsv:md5,1b26a72cb5f731ba04ed53b6e69237b7",
            "microbiomes_entities.no_weights.tsv:md5,55eae24113e41d074d4b2e91912d7be6",
            "microbiomes_entities.nucl.tsv:md5,f5a3ff3cc1f8100f56238b9fab405e66",
            "microbiomes_entities.tsv:md5,2f5498195df08c86eacba2ae76096902",
            "microbiomes.tsv:md5,2130005595bdc7ffc770d8304fd9a936",
            "proteins_peptides.tsv:md5,a17cd18e1fe9ad73d8e18d241f77c0c2",
            "peptides.tsv.gz:md5,260d711f2ea11fb3327f3eff6b6a7516",
            "proteins.tsv.gz:md5,328b977d64261bb5c45b34ce10d261a7",
            "predictions.tsv.gz:md5,e15f5ca311bb8ede869104eb267d00fa",
            "stats.txt:md5,8ba4d24d65db50958f31f97fecbbe24e"
        ],
        "meta": {
            "nf-test": "0.8.4",
            "nextflow": "24.04.2"
        },
        "timestamp": "2024-07-11T09:31:33.639807024"
    },
    "logs": {
        "content": [
            "prediction_warnings.log:md5,d41d8cd98f00b204e9800998ecf8427e",
            "WARNING_unify_peptide_lengths.log:md5,c554eace446f21ad0c7990c92554edb0"
        ],
        "meta": {
            "nf-test": "0.8.4",
            "nextflow": "24.04.2"
        },
        "timestamp": "2024-07-10T11:56:01.153832945"
    }
}